Process SpawnPoolWorker-2:
Traceback (most recent call last):
  File "C:\Users\Administrator\AppData\Local\Programs\Python\Python311\Lib\multiprocessing\pool.py", line 131, in worker
    put((job, i, result))
  File "C:\Users\Administrator\AppData\Local\Programs\Python\Python311\Lib\multiprocessing\queues.py", line 374, in put
    self._writer.send_bytes(obj)
  File "C:\Users\Administrator\AppData\Local\Programs\Python\Python311\Lib\multiprocessing\connection.py", line 200, in send_bytes
    self._send_bytes(m[offset:offset + size])
  File "C:\Users\Administrator\AppData\Local\Programs\Python\Python311\Lib\multiprocessing\connection.py", line 289, in _send_bytes
    ov, err = _winapi.WriteFile(self._handle, buf, overlapped=True)
              ^^^^^^^^^^^^^^^^^^^^^^^^^^^^^^^^^^^^^^^^^^^^^^^^^^^^^
BrokenPipeError: [WinError 232] The pipe is being closed

During handling of the above exception, another exception occurred:

Traceback (most recent call last):
  File "C:\Users\Administrator\AppData\Local\Programs\Python\Python311\Lib\multiprocessing\process.py", line 314, in _bootstrap
    self.run()
  File "C:\Users\Administrator\AppData\Local\Programs\Python\Python311\Lib\multiprocessing\process.py", line 108, in run
    self._target(*self._args, **self._kwargs)
  File "C:\Users\Administrator\AppData\Local\Programs\Python\Python311\Lib\multiprocessing\pool.py", line 136, in worker
    put((job, i, (False, wrapped)))
  File "C:\Users\Administrator\AppData\Local\Programs\Python\Python311\Lib\multiprocessing\queues.py", line 374, in put
    self._writer.send_bytes(obj)
  File "C:\Users\Administrator\AppData\Local\Programs\Python\Python311\Lib\multiprocessing\connection.py", line 200, in send_bytes
    self._send_bytes(m[offset:offset + size])
  File "C:\Users\Administrator\AppData\Local\Programs\Python\Python311\Lib\multiprocessing\connection.py", line 289, in _send_bytes
    ov, err = _winapi.WriteFile(self._handle, buf, overlapped=True)
              ^^^^^^^^^^^^^^^^^^^^^^^^^^^^^^^^^^^^^^^^^^^^^^^^^^^^^
BrokenPipeError: [WinError 232] The pipe is being closed
99000 bars, 69 days, spread $7.0, lot 0.02, RR 0.8
signal : n  589 (8.6/day) wr 54% net   +56.21 avgW +4.158 avgL -4.770 maxDD 156.73 busy-skips 762
random : n  571 (8.3/day) wr 55% net   +33.92 avgW +4.210 avgL -4.976 maxDD 146.86 busy-skips 780
random : n  577 (8.4/day) wr 57% net  +113.30 avgW +4.116 avgL -5.004 maxDD 133.51 busy-skips 774
random : n  565 (8.2/day) wr 54% net   -91.54 avgW +4.100 avgL -5.197 maxDD 247.29 busy-skips 786
Process SpawnPoolWorker-1:
Traceback (most recent call last):
  File "C:\Users\Administrator\AppData\Local\Programs\Python\Python311\Lib\multiprocessing\pool.py", line 131, in worker
    put((job, i, result))
  File "C:\Users\Administrator\AppData\Local\Programs\Python\Python311\Lib\multiprocessing\queues.py", line 374, in put
    self._writer.send_bytes(obj)
  File "C:\Users\Administrator\AppData\Local\Programs\Python\Python311\Lib\multiprocessing\connection.py", line 200, in send_bytes
    self._send_bytes(m[offset:offset + size])
  File "C:\Users\Administrator\AppData\Local\Programs\Python\Python311\Lib\multiprocessing\connection.py", line 289, in _send_bytes
    ov, err = _winapi.WriteFile(self._handle, buf, overlapped=True)
              ^^^^^^^^^^^^^^^^^^^^^^^^^^^^^^^^^^^^^^^^^^^^^^^^^^^^^
BrokenPipeError: [WinError 232] The pipe is being closed

During handling of the above exception, another exception occurred:

Traceback (most recent call last):
  File "C:\Users\Administrator\AppData\Local\Programs\Python\Python311\Lib\multiprocessing\process.py", line 314, in _bootstrap
    self.run()
  File "C:\Users\Administrator\AppData\Local\Programs\Python\Python311\Lib\multiprocessing\process.py", line 108, in run
    self._target(*self._args, **self._kwargs)
  File "C:\Users\Administrator\AppData\Local\Programs\Python\Python311\Lib\multiprocessing\pool.py", line 136, in worker
    put((job, i, (False, wrapped)))
  File "C:\Users\Administrator\AppData\Local\Programs\Python\Python311\Lib\multiprocessing\queues.py", line 374, in put
    self._writer.send_bytes(obj)
  File "C:\Users\Administrator\AppData\Local\Programs\Python\Python311\Lib\multiprocessing\connection.py", line 200, in send_bytes
    self._send_bytes(m[offset:offset + size])
  File "C:\Users\Administrator\AppData\Local\Programs\Python\Python311\Lib\multiprocessing\connection.py", line 289, in _send_bytes
    ov, err = _winapi.WriteFile(self._handle, buf, overlapped=True)
              ^^^^^^^^^^^^^^^^^^^^^^^^^^^^^^^^^^^^^^^^^^^^^^^^^^^^^
BrokenPipeError: [WinError 232] The pipe is being closed
99000 bars, 69 days, spread $7.0, lot 0.02, RR 0.8
signal : n  589 (8.6/day) wr 54% net   +56.21 avgW +4.158 avgL -4.770 maxDD 156.73 busy-skips 762
random : n  571 (8.3/day) wr 55% net   +33.92 avgW +4.210 avgL -4.976 maxDD 146.86 busy-skips 780
random : n  577 (8.4/day) wr 57% net  +113.30 avgW +4.116 avgL -5.004 maxDD 133.51 busy-skips 774
random : n  565 (8.2/day) wr 54% net   -91.54 avgW +4.100 avgL -5.197 maxDD 247.29 busy-skips 786
Process SpawnPoolWorker-3:
Traceback (most recent call last):
  File "C:\Users\Administrator\AppData\Local\Programs\Python\Python311\Lib\multiprocessing\pool.py", line 131, in worker
    put((job, i, result))
  File "C:\Users\Administrator\AppData\Local\Programs\Python\Python311\Lib\multiprocessing\queues.py", line 374, in put
    self._writer.send_bytes(obj)
  File "C:\Users\Administrator\AppData\Local\Programs\Python\Python311\Lib\multiprocessing\connection.py", line 200, in send_bytes
    self._send_bytes(m[offset:offset + size])
  File "C:\Users\Administrator\AppData\Local\Programs\Python\Python311\Lib\multiprocessing\connection.py", line 289, in _send_bytes
    ov, err = _winapi.WriteFile(self._handle, buf, overlapped=True)
              ^^^^^^^^^^^^^^^^^^^^^^^^^^^^^^^^^^^^^^^^^^^^^^^^^^^^^
BrokenPipeError: [WinError 232] The pipe is being closed

During handling of the above exception, another exception occurred:

Traceback (most recent call last):
  File "C:\Users\Administrator\AppData\Local\Programs\Python\Python311\Lib\multiprocessing\process.py", line 314, in _bootstrap
    self.run()
  File "C:\Users\Administrator\AppData\Local\Programs\Python\Python311\Lib\multiprocessing\process.py", line 108, in run
    self._target(*self._args, **self._kwargs)
  File "C:\Users\Administrator\AppData\Local\Programs\Python\Python311\Lib\multiprocessing\pool.py", line 136, in worker
    put((job, i, (False, wrapped)))
  File "C:\Users\Administrator\AppData\Local\Programs\Python\Python311\Lib\multiprocessing\queues.py", line 374, in put
    self._writer.send_bytes(obj)
  File "C:\Users\Administrator\AppData\Local\Programs\Python\Python311\Lib\multiprocessing\connection.py", line 200, in send_bytes
    self._send_bytes(m[offset:offset + size])
  File "C:\Users\Administrator\AppData\Local\Programs\Python\Python311\Lib\multiprocessing\connection.py", line 289, in _send_bytes
    ov, err = _winapi.WriteFile(self._handle, buf, overlapped=True)
              ^^^^^^^^^^^^^^^^^^^^^^^^^^^^^^^^^^^^^^^^^^^^^^^^^^^^^
BrokenPipeError: [WinError 232] The pipe is being closed
99000 bars, 69 days, spread $7.0, lot 0.02, RR 0.8
signal : n  589 (8.6/day) wr 54% net   +56.21 avgW +4.158 avgL -4.770 maxDD 156.73 busy-skips 762
random : n  571 (8.3/day) wr 55% net   +33.92 avgW +4.210 avgL -4.976 maxDD 146.86 busy-skips 780
random : n  577 (8.4/day) wr 57% net  +113.30 avgW +4.116 avgL -5.004 maxDD 133.51 busy-skips 774
random : n  565 (8.2/day) wr 54% net   -91.54 avgW +4.100 avgL -5.197 maxDD 247.29 busy-skips 786
Process SpawnPoolWorker-4:
Traceback (most recent call last):
  File "C:\Users\Administrator\AppData\Local\Programs\Python\Python311\Lib\multiprocessing\pool.py", line 131, in worker
    put((job, i, result))
  File "C:\Users\Administrator\AppData\Local\Programs\Python\Python311\Lib\multiprocessing\queues.py", line 374, in put
    self._writer.send_bytes(obj)
  File "C:\Users\Administrator\AppData\Local\Programs\Python\Python311\Lib\multiprocessing\connection.py", line 200, in send_bytes
    self._send_bytes(m[offset:offset + size])
  File "C:\Users\Administrator\AppData\Local\Programs\Python\Python311\Lib\multiprocessing\connection.py", line 289, in _send_bytes
    ov, err = _winapi.WriteFile(self._handle, buf, overlapped=True)
              ^^^^^^^^^^^^^^^^^^^^^^^^^^^^^^^^^^^^^^^^^^^^^^^^^^^^^
BrokenPipeError: [WinError 232] The pipe is being closed

During handling of the above exception, another exception occurred:

Traceback (most recent call last):
  File "C:\Users\Administrator\AppData\Local\Programs\Python\Python311\Lib\multiprocessing\process.py", line 314, in _bootstrap
    self.run()
  File "C:\Users\Administrator\AppData\Local\Programs\Python\Python311\Lib\multiprocessing\process.py", line 108, in run
    self._target(*self._args, **self._kwargs)
  File "C:\Users\Administrator\AppData\Local\Programs\Python\Python311\Lib\multiprocessing\pool.py", line 136, in worker
    put((job, i, (False, wrapped)))
  File "C:\Users\Administrator\AppData\Local\Programs\Python\Python311\Lib\multiprocessing\queues.py", line 374, in put
    self._writer.send_bytes(obj)
  File "C:\Users\Administrator\AppData\Local\Programs\Python\Python311\Lib\multiprocessing\connection.py", line 200, in send_bytes
    self._send_bytes(m[offset:offset + size])
  File "C:\Users\Administrator\AppData\Local\Programs\Python\Python311\Lib\multiprocessing\connection.py", line 289, in _send_bytes
    ov, err = _winapi.WriteFile(self._handle, buf, overlapped=True)
              ^^^^^^^^^^^^^^^^^^^^^^^^^^^^^^^^^^^^^^^^^^^^^^^^^^^^^
BrokenPipeError: [WinError 232] The pipe is being closed
99000 bars, 69 days, spread $7.0, lot 0.02, RR 0.8
signal : n  589 (8.6/day) wr 54% net   +56.21 avgW +4.158 avgL -4.770 maxDD 156.73 busy-skips 762
random : n  571 (8.3/day) wr 55% net   +33.92 avgW +4.210 avgL -4.976 maxDD 146.86 busy-skips 780
random : n  577 (8.4/day) wr 57% net  +113.30 avgW +4.116 avgL -5.004 maxDD 133.51 busy-skips 774
random : n  565 (8.2/day) wr 54% net   -91.54 avgW +4.100 avgL -5.197 maxDD 247.29 busy-skips 786
