2026-09-12T10:08:39Z pipeline start; waiting for V3 import
2026-09-12T10:53:18Z STAGE v3-import DONE
2026-09-12T10:57:14Z STAGE V3 era DONE:   2h gate (production) ALL           n 3499 (292.2/mo) wr 50.8% net  -1389.89 PF 0.88 exp$ -0.397 expR -0.094 sumR -328.0 maxDD$ 1418.48 maxDD_R 330.6 underwater max 3453 tr | largest +51.47/-83.93 | worst r20 -285.05 r40 -307.05
2026-09-12T11:06:58Z STAGE V3 control DONE: V3 [pess] net $: real -1204.62 | random mean -1119.73 sd  460.21 p95  -375.05 max  +347.63 | real beats 42.4% | z -0.18  (n seeds 1000, real trades 3503, 434s)
2026-09-12T11:06:58Z V3 tick files removed (M1 + index + report kept)
2026-09-12T11:08:58Z 2022-01 imported (DONE)
2026-09-12T11:10:44Z 2022-02 imported (DONE)
2026-09-12T11:12:32Z 2022-03 imported (DONE)
2026-09-12T11:14:31Z 2022-04 imported (DONE)
2026-09-12T11:16:17Z 2022-05 imported (DONE)
2026-09-12T11:18:23Z 2022-06 imported (DONE)
2026-09-12T11:19:45Z 2022-07 imported (DONE)
2026-09-12T11:20:50Z 2022-08 imported (DONE)
2026-09-12T11:22:42Z 2022-09 imported (DONE)
2026-09-12T11:24:06Z 2022-10 imported (DONE)
2026-09-12T11:25:06Z 2022-11 imported (DONE)
2026-09-12T11:26:05Z 2022-12 imported (DONE)
2026-09-12T11:26:21Z STAGE v4-2022 import DONE
2026-09-12T11:28:38Z STAGE V4_2022 era DONE:   2h gate (production) ALL           n 2236 (186.6/mo) wr 43.6% net  -1190.79 PF 0.71 exp$ -0.533 expR -0.225 sumR -502.2 maxDD$ 1213.76 maxDD_R 502.2 underwater max 2225 tr | largest +22.44/-24.52 | worst r20 -93.90 r40 -156.72
2026-09-12T11:35:44Z STAGE V4_2022 control DONE: V4_2022 [pess] net $: real  -816.33 | random mean  -666.72 sd  192.17 p95  -357.64 max   -49.93 | real beats 21.0% | z -0.78  (n seeds 1000, real trades 2251, 337s)
2026-09-12T11:36:51Z 2023-01 imported (DONE)
2026-09-12T11:38:53Z 2023-02 imported (DONE)
2026-09-12T11:40:09Z 2023-03 imported (DONE)
2026-09-12T11:42:14Z 2023-04 imported (DONE)
2026-09-12T11:43:42Z 2023-05 imported (DONE)
2026-09-12T11:45:16Z 2023-06 imported (DONE)
2026-09-12T11:46:35Z 2023-07 imported (DONE)
2026-09-12T11:48:10Z 2023-08 imported (DONE)
2026-09-12T11:49:29Z 2023-09 imported (DONE)
2026-09-12T11:50:50Z 2023-10 imported (DONE)
2026-09-12T11:52:35Z 2023-11 imported (DONE)
2026-09-12T11:54:20Z 2023-12 imported (DONE)
2026-09-12T11:54:35Z STAGE v4-2023 import DONE
2026-09-12T11:57:05Z STAGE V4_2023 era DONE:   2h gate (production) ALL           n 1629 (136.1/mo) wr 42.8% net   -498.87 PF 0.75 exp$ -0.306 expR -0.239 sumR -389.1 maxDD$ 500.51 maxDD_R 389.9 underwater max 1628 tr | largest +42.36/-21.99 | worst r20 -63.66 r40 -87.94
2026-09-12T12:04:49Z STAGE V4_2023 control DONE: V4_2023 [pess] net $: real  -498.75 | random mean  -381.28 sd  106.96 p95  -209.34 max   +87.55 | real beats 13.0% | z -1.10  (n seeds 1000, real trades 1627, 362s)
2026-09-12T12:08:18Z 2024-01 imported (DONE)
2026-09-12T12:10:30Z 2024-02 imported (DONE)
2026-09-12T12:13:57Z 2024-03 imported (DONE)
2026-09-12T12:15:48Z 2024-04 imported (DONE)
2026-09-12T12:18:22Z 2024-05 imported (DONE)
2026-09-12T12:19:49Z 2024-06 imported (DONE)
2026-09-12T12:22:03Z 2024-07 imported (DONE)
2026-09-12T12:25:52Z 2024-08 imported (DONE)
2026-09-12T12:29:18Z 2024-09 imported (DONE)
2026-09-12T12:33:06Z 2024-10 imported (DONE)
2026-09-12T12:38:13Z 2024-11 imported (DONE)
2026-09-12T12:43:24Z 2024-12 imported (DONE)
2026-09-12T12:43:52Z STAGE v4-2024 import DONE
2026-09-12T12:47:44Z STAGE V4_2024 era DONE:   2h gate (production) ALL           n 3000 (250.0/mo) wr 48.2% net  -1520.67 PF 0.83 exp$ -0.507 expR -0.141 sumR -424.0 maxDD$ 1637.77 maxDD_R 425.4 underwater max 2583 tr | largest +32.00/-54.36 | worst r20 -187.53 r40 -199.70
2026-09-12T12:58:24Z STAGE V4_2024 control DONE: V4_2024 [pess] net $: real -1050.97 | random mean -1147.96 sd  371.94 p95  -529.39 max  +124.05 | real beats 61.7% | z +0.26  (n seeds 1000, real trades 3006, 485s)
2026-09-12T12:58:25Z STAGE ALL DONE
