2022: M1 bars 524472 2022-01-01 00:00:00 -> 2022-12-31 23:59:00; spread median 14.14
windows 104962, scorable 104852, scoring from 2022-01-04 11:30:00; raw shocks 5359, first-of-cluster 2653

=== 2022: net points after spread + $5, BUY ===
  set                                         5m         15m         30m         60m
  RECLAIM rule (shock->flush->reclaim)  -27.7(29%)  -28.6(39%)  -29.9(41%)  -31.4(44%)  n 2146
  control A immediate entry           -30.9(32%)  -29.7(39%)  -32.1(42%)  -32.2(44%)  n 2653
  control C generic sweep/reclaim     -23.3(24%)  -20.1(36%)  -17.4(41%)  -18.7(43%)  n 6896
    reclaim 30 m: median -19.7, without best-1 -30.7, best-2 -31.5, top-10% (215) -66.3; best +1796 worst -2004
    immediate 30 m: median -17.2, without best-1 -32.8, best-2 -33.5, top-10% (265) -68.8; best +1872 worst -1852
    generic 30 m: median -11.7, without best-1 -17.6, best-2 -17.8, top-10% (689) -44.9; best +1532 worst -1192
    first passage vs -1R (stop at flush low), within 60 min: +0.5R fav-first 41% / adv-first 57% / neither 3%; +1.0R fav-first 28% / adv-first 65% / neither 6%; +1.5R fav-first 21% / adv-first 69% / neither 9%
    R median 56 pts; 60-min MFE median 71 / MAE median 117; maxDD 30 m 64134 pts, longest losing streak 15
    quality (descriptive): shock->flush median 0 min; flush->reclaim median 1 min; same-bar reclaim 54%; depth median 16 pts = 0.23 ATR; reclaim body/range median 17/40; spread median 15.12; M1 break-of-3-bar-high at reclaim 18%
    same-bar reclaim: yes 30 m -32.3 (n 1154) / no -27.1 (n 992)
    M1 3-bar break: yes 30 m -29.6 (n 384) / no -30.0 (n 1762)
    flush depth (ATR) median 0.23: <=median 30 m -29.2 (n 1073) / >median -30.5 (n 1073)
    R (pts) median 55.50: <=median 30 m -21.4 (n 1073) / >median -38.4 (n 1073)
    24h vol median 24.68: <=median 30 m -16.6 (n 1073) / >median -43.2 (n 1073)
    flush->reclaim min median 1.00: <=median 30 m -32.3 (n 1154) / >median -27.1 (n 992)
    hour buckets 00-06h -36/421, 06-12h -19/403, 12-18h -24/744, 18-24h -40/578
  control B flush WITHOUT reclaim (n 206): bid move after the 60-min deadline: +30 m -7.1 (53% up), +60 m -8.1 (58% up); MFE median 111 MAE median 105; deadline close vs shock low median -178 pts
  control D matched random (1000 draws): 5 m real -27.7 vs -24.6 ± 1.1, 95th -22.8, pctile 0.1%; 15 m real -28.6 vs -25.9 ± 1.9, 95th -22.7, pctile 6.7%; 30 m real -29.9 vs -27.2 ± 2.7, 95th -22.8, pctile 16.0%; 60 m real -31.4 vs -29.1 ± 3.8, 95th -22.9, pctile 26.6%
  frequency: shocks 7.34/day; flushed 89%; of flushed, reclaimed 91%; reclaim trades 5.94/day = 41.6/week; longest no-trade 2.1 days; median shock->entry 8 min; days scored 362
  by month (reclaim, 30 m mean / n | immediate 30 m mean): 2022-01 -55/183 | -45, 2022-02 -46/166 | -73, 2022-03 -22/153 | -35, 2022-04 -51/178 | -49, 2022-05 -47/178 | -49, 2022-06 -47/191 | -54, 2022-07 -21/204 | -19, 2022-08 -15/200 | -18, 2022-09 -12/196 | -15, 2022-10 -14/158 | -13, 2022-11 -10/165 | -4, 2022-12 -18/174 | -16
done
