2024: M1 bars 522776 2024-01-01 00:00:00 -> 2024-12-31 23:59:00; spread median 20.98
windows 104625, scorable 104514, scoring from 2024-01-04 11:25:00; shocks first-of-cluster 2561 (robust 1162), upside 2564

=== 2024: net points after spread + $5 ===
  set                                           5m         15m         30m         60m
  PRIMARY: downside shock -> SELL       -24.2(37%)  -27.6(42%)  -31.6(42%)  -41.5(43%)  n 2561
  robustness p2.5 -> SELL               -29.5(37%)  -24.2(43%)  -30.1(43%)  -34.4(43%)  n 1162
  control C: same events -> BUY         -36.1(39%)  -32.6(45%)  -28.5(47%)  -18.5(50%)  n 2561
  control B: upside shock -> BUY        -25.4(38%)  -21.7(43%)  -23.4(45%)  -27.5(46%)  n 2564
    primary SELL 30 m: median -43.7, trimmed10% -40.7, without best-1 -33.1, best-2 -33.9, top-10% (256) -109.2; best +3783 worst -1912; maxDD 88993 pts; longest losing streak 11
    robust SELL 30 m: median -45.3, trimmed10% -41.8, without best-1 -33.4, best-2 -35.1, top-10% (117) -119.9; best +3783 worst -1912; maxDD 42976 pts; longest losing streak 10
    upside BUY 30 m: median -30.6, trimmed10% -28.9, without best-1 -24.2, best-2 -24.9, top-10% (256) -98.0; best +1878 worst -2576; maxDD 65290 pts; longest losing streak 15
    path (SELL, 60 min): MFE(down) median 209 at 21 min (p25 5, p75 45); MAE(up) median 260 at 28 min; ATR median 159; MAE-before-MFE 47%
    first passage ±0.5 ATR (fav = down): favourable-first 32%, adverse-first 68%, neither 0%
    first passage ±1.0 ATR (fav = down): favourable-first 41%, adverse-first 57%, neither 2%
    severity largest shocks  r5 median -0.46%: 30 m -31.2 (wr 43%, median -51.2, without best-2 -38.1); 5 m -24.8; 60 m -63.5; n 853
    severity medium          r5 median -0.30%: 30 m -32.1 (wr 42%, median -46.0, without best-2 -36.3); 5 m -27.8; 60 m -28.3; n 855
    severity mild            r5 median -0.22%: 30 m -31.6 (wr 43%, median -35.7, without best-2 -34.8); 5 m -20.0; 60 m -32.8; n 853
    context 24h vol (pts): median 53.17; <=median 30 m -32.4 (n 1281) / >median -30.9 (n 1280)
    context spread: median 21.06; <=median 30 m -36.7 (n 1281) / >median -26.5 (n 1280)
    context dist below 1h high (ATR): median 2.49; <=median 30 m -31.6 (n 1281) / >median -31.7 (n 1280)
    context dist above 1h low (ATR): median 0.75; <=median 30 m -43.3 (n 1281) / >median -20.0 (n 1280)
    hour buckets 00-06h -5/501, 06-12h -48/420, 12-18h -35/930, 18-24h -36/710
  control A matched random SHORT (1000 draws): 5 m real -24.2 vs -29.8 ± 1.8, 95th -26.9, pctile 100.0%; 15 m real -27.6 vs -30.6 ± 3.2, 95th -25.3, pctile 81.9%; 30 m real -31.6 vs -31.9 ± 4.5, 95th -24.2, pctile 51.5%; 60 m real -41.5 vs -33.5 ± 6.6, 95th -23.1, pctile 11.2%
  frequency: 7.06/day = 49.5/week; days with none 3%; median spacing 1.8 h; longest gap 58.4 h
  by month (SELL 30 m mean / n): 2024-01 -19/180, 2024-02 -36/231, 2024-03 -67/188, 2024-04 -22/220, 2024-05 -28/218, 2024-06 -27/201, 2024-07 -18/251, 2024-08 -17/215, 2024-09 -25/210, 2024-10 -65/228, 2024-11 -62/211, 2024-12 +4/208
done
