2022: M1 bars 524472 2022-01-01 00:00:00 -> 2022-12-31 23:59:00; spread median 14.14
windows 104962, scorable 104852, scoring from 2022-01-04 11:30:00; shocks first-of-cluster 2653 (robust 1267), upside 2626

=== 2022: net points after spread + $5 ===
  set                                           5m         15m         30m         60m
  PRIMARY: downside shock -> SELL       -20.7(31%)  -21.8(36%)  -19.2(40%)  -18.9(42%)  n 2653
  robustness p2.5 -> SELL               -18.6(33%)  -25.4(36%)  -21.1(41%)  -14.6(43%)  n 1267
  control C: same events -> BUY         -30.9(32%)  -29.7(39%)  -32.1(42%)  -32.2(44%)  n 2653
  control B: upside shock -> BUY        -25.7(28%)  -24.5(35%)  -21.3(38%)  -23.2(41%)  n 2626
    primary SELL 30 m: median -20.8, trimmed10% -21.7, without best-1 -19.9, best-2 -20.4, top-10% (265) -60.1; best +1771 worst -1946; maxDD 51197 pts; longest losing streak 12
    robust SELL 30 m: median -21.4, trimmed10% -23.2, without best-1 -22.5, best-2 -23.6, top-10% (127) -64.5; best +1771 worst -1866; maxDD 27327 pts; longest losing streak 17
    upside BUY 30 m: median -24.4, trimmed10% -26.3, without best-1 -22.1, best-2 -22.8, top-10% (263) -61.9; best +2000 worst -1128; maxDD 56140 pts; longest losing streak 16
    path (SELL, 60 min): MFE(down) median 83 at 23 min (p25 5, p75 45); MAE(up) median 115 at 25 min; ATR median 68; MAE-before-MFE 49%
    first passage ±0.5 ATR (fav = down): favourable-first 21%, adverse-first 79%, neither 0%
    first passage ±1.0 ATR (fav = down): favourable-first 35%, adverse-first 63%, neither 2%
    severity largest shocks  r5 median -0.58%: 30 m -25.7 (wr 44%, median -24.1, without best-2 -29.3); 5 m -20.6; 60 m -18.3; n 884
    severity medium          r5 median -0.34%: 30 m -10.3 (wr 41%, median -22.7, without best-2 -12.4); 5 m -23.3; 60 m -13.1; n 885
    severity mild            r5 median -0.23%: 30 m -21.6 (wr 34%, median -19.4, without best-2 -23.1); 5 m -18.0; 60 m -25.4; n 884
    context 24h vol (pts): median 24.38; <=median 30 m -14.3 (n 1327) / >median -24.2 (n 1326)
    context spread: median 16.67; <=median 30 m -15.2 (n 1327) / >median -23.3 (n 1326)
    context dist below 1h high (ATR): median 2.84; <=median 30 m -15.2 (n 1327) / >median -23.3 (n 1326)
    context dist above 1h low (ATR): median 0.70; <=median 30 m -17.3 (n 1327) / >median -21.1 (n 1326)
    hour buckets 00-06h -13/523, 06-12h -30/498, 12-18h -17/907, 18-24h -19/725
  control A matched random SHORT (1000 draws): 5 m real -20.7 vs -23.1 ± 1.0, 95th -21.5, pctile 99.6%; 15 m real -21.8 vs -22.1 ± 1.7, 95th -19.4, pctile 55.6%; 30 m real -19.2 vs -20.7 ± 2.3, 95th -16.9, pctile 73.6%; 60 m real -18.9 vs -18.8 ± 3.5, 95th -13.1, pctile 49.7%
  frequency: 7.34/day = 51.4/week; days with none 1%; median spacing 2.0 h; longest gap 42.9 h
  by month (SELL 30 m mean / n): 2022-01 -54/216, 2022-02 -1/213, 2022-03 -40/195, 2022-04 -30/220, 2022-05 -19/211, 2022-06 +2/230, 2022-07 -15/253, 2022-08 -16/242, 2022-09 -14/244, 2022-10 -13/207, 2022-11 -24/207, 2022-12 -10/215
done
