2026-09-08T07:54:09.269618+00:00 FRESH-H1 starting on 223985697 balance 197.78
2026-09-08T07:54:10.765400+00:00 seeded 75525 H1 bars; trade dir -1 gate dir -1 since 4
2026-09-08T07:54:14.475945+00:00 FRESH-H1 starting on 223985697 balance 197.78
2026-09-08T07:54:15.429986+00:00 seeded 75525 H1 bars; trade dir -1 gate dir -1 since 4
2026-09-08T08:12:28.181997+00:00 FRESH-H1 starting on 223985697 balance 197.78
2026-09-08T08:12:29.120827+00:00 seeded 75526 H1 bars; trade dir -1 gate dir -1 since 4
2026-09-08T09:26:38.086722+00:00 FRESH-H1 starting on 476954287 balance 1000.00
2026-09-08T09:29:22.620297+00:00 seeded 46033 H1 bars; trade dir -1 gate dir -1 since 5
2026-09-08T10:00:22.755240+00:00 flip UP skipped (fresh=False early=True)
2026-09-08T11:00:23.005880+00:00 flip DOWN skipped (fresh=False early=True)
2026-09-08T15:00:21.202766+00:00 ENTRY FAILED retcode=10027
2026-09-08T15:07:23.091251+00:00 FRESH-H1 starting on 476954287 balance 1000.00 symbol BTCUSD brick 50.0 gate 150.0 kill -350.0
2026-09-08T15:07:24.715418+00:00 seeded 46039 H1 bars; trade dir 1 gate dir 1 since 1
2026-09-08T18:00:25.653969+00:00 flip DOWN skipped (fresh=False early=True)
2026-09-09T01:00:09.412529+00:00 flip UP skipped (fresh=False early=True)
2026-09-09T04:00:10.335264+00:00 flip DOWN skipped (fresh=False early=True)
2026-09-09T05:00:10.624496+00:00 flip UP skipped (fresh=False early=True)
2026-09-09T06:00:10.914166+00:00 flip DOWN skipped (fresh=False early=True)
2026-09-09T07:00:11.205393+00:00 flip UP skipped (fresh=False early=True)
2026-09-09T10:00:27.245917+00:00 flip DOWN skipped (fresh=False early=True)
2026-09-09T12:00:16.516648+00:00 flip UP skipped (fresh=False early=True)
2026-09-09T14:00:17.670162+00:00 flip DOWN skipped (fresh=False early=True)
2026-09-09T17:00:19.501397+00:00 flip UP skipped (fresh=False early=True)
2026-09-09T19:00:20.445517+00:00 flip DOWN skipped (fresh=False early=True)
2026-09-10T00:00:37.101975+00:00 flip UP skipped (fresh=False early=True)
2026-09-10T02:00:07.915680+00:00 flip DOWN skipped (fresh=False early=True)
2026-09-10T03:00:08.252255+00:00 flip UP skipped (fresh=False early=True)
2026-09-10T08:00:09.378688+00:00 flip DOWN skipped (fresh=False early=True)
2026-09-10T14:00:10.897669+00:00 flip UP skipped (fresh=False early=True)
2026-09-10T17:00:15.699771+00:00 flip DOWN skipped (fresh=False early=True)
2026-09-11T00:24:07.127497+00:00 FRESH-H1 starting on 476954287 balance 1000.00 symbol BTCUSD brick 50.0 gate 150.0 kill -350.0
2026-09-11T00:24:18.126686+00:00 seeded 46096 H1 bars; trade dir -1 gate dir -1 since 11
2026-09-11T01:00:21.593980+00:00 flip UP skipped (fresh=False early=True)
2026-09-11T10:00:05.923240+00:00 flip DOWN skipped (fresh=False early=True)
