99000 bars, 69 days, spread $7.0, lot 0.02, RR 0.8
signal : n  589 (8.6/day) wr 54% net   +56.21 avgW +4.158 avgL -4.770 maxDD 156.73 busy-skips 762
random : n  571 (8.3/day) wr 55% net   +33.92 avgW +4.210 avgL -4.976 maxDD 146.86 busy-skips 780
random : n  577 (8.4/day) wr 57% net  +113.30 avgW +4.116 avgL -5.004 maxDD 133.51 busy-skips 774
random : n  565 (8.2/day) wr 54% net   -91.54 avgW +4.100 avgL -5.197 maxDD 247.29 busy-skips 786
REAL 2h gate: train +102.22 test +134.61 full +236.83 eligible share 0.610
  100 shifts: train mean +14.65 test mean +36.04 full mean +50.69 share mean 0.372  [165s]
  200 shifts: train mean +13.10 test mean +40.26 full mean +53.36 share mean 0.373  [347s]
  300 shifts: train mean +11.43 test mean +43.80 full mean +55.23 share mean 0.372  [532s]
  400 shifts: train mean +9.90 test mean +43.79 full mean +53.69 share mean 0.371  [710s]
  500 shifts: train mean +9.00 test mean +42.53 full mean +51.53 share mean 0.371  [893s]
  600 shifts: train mean +8.70 test mean +43.88 full mean +52.58 share mean 0.371  [1074s]
  700 shifts: train mean +8.82 test mean +45.04 full mean +53.87 share mean 0.372  [1252s]
  800 shifts: train mean +9.48 test mean +44.70 full mean +54.18 share mean 0.372  [1431s]
  900 shifts: train mean +9.82 test mean +45.46 full mean +55.28 share mean 0.372  [1622s]
  1000 shifts: train mean +9.93 test mean +45.85 full mean +55.79 share mean 0.372  [1814s]
TRAIN: real  +102.22 | placebo mean   +9.93 sd  48.62 p5  -69.97 p50  +11.10 p95  +90.74 max +140.44 | real beats 97.4% | z +1.90
TEST: real  +134.61 | placebo mean  +45.85 sd  53.62 p5  -35.92 p50  +43.99 p95 +138.05 max +227.97 | real beats 94.2% | z +1.66
FULL: real  +236.83 | placebo mean  +55.79 sd  74.63 p5  -67.00 p50  +53.53 p95 +185.52 max +276.09 | real beats 99.2% | z +2.43
eligible share: real 0.610 | placebo mean 0.372 sd 0.022
done
