2026-09-09T22:18:00.801321+00:00 BOS-BOT starting on 476989735 balance 200.00 base 0.06 RR 0.8 kill -80.0
2026-09-09T22:18:01.693405+00:00 seeded 3000 bars: trend -1 choch 0 kept 1196
2026-09-09T23:33:02.202279+00:00 CHoCH bullish at 78189.13
2026-09-10T01:06:03.212274+00:00 FLIP: trend now up
2026-09-10T01:33:03.208127+00:00 CHoCH bearish at 78078.21
2026-09-10T03:03:26.420557+00:00 TOUCH ENTRY: BUY 0.06 @ ~78433.93 SL 77935.07 TP 78833.02 (risk $29.93, trend up)
2026-09-10T07:33:42.328688+00:00 LOSS -29.93 (lot 0.06): debt $29.93 (peak +0.00), chest $0.00 - bot net -29.93 (1 trades)
2026-09-10T07:34:04.226310+00:00 CHoCH bearish at 77928.71
2026-09-10T10:34:01.224241+00:00 FLIP: trend now down
2026-09-10T11:00:16.012290+00:00 TOUCH ENTRY: SELL 0.06 @ ~77808.88 SL 78019.22 TP 77640.61 (risk $12.62, trend down)
2026-09-10T11:15:38.353294+00:00 LOSS -12.36 (lot 0.06): debt $42.29 (peak +0.00), chest $0.00 - bot net -42.29 (2 trades)
2026-09-10T11:33:02.207899+00:00 CHoCH bullish at 78025.73
2026-09-10T12:37:01.216002+00:00 BOS signal skipped - market asleep (no flip in 2h)
2026-09-10T12:56:01.207719+00:00 BOS signal skipped - market asleep (no flip in 2h)
2026-09-10T13:54:01.216991+00:00 CHoCH bullish at 77143.19
2026-09-10T14:29:02.224356+00:00 FLIP: trend now up
2026-09-10T14:46:56.506970+00:00 TOUCH ENTRY: BUY 0.06 @ ~77349.43 SL 77211.12 TP 77460.08 (risk $8.30, trend up)
2026-09-10T15:02:59.481964+00:00 LOSS -8.90 (lot 0.06): debt $51.19 (peak +0.00), chest $0.00 - bot net -51.19 (3 trades)
2026-09-10T15:18:01.220336+00:00 CHoCH bearish at 77231.90
2026-09-10T16:05:01.203629+00:00 FLIP: trend now down
2026-09-10T16:17:11.848735+00:00 TOUCH ENTRY: SELL 0.06 @ ~76879.37 SL 76972.69 TP 76804.71 (risk $5.60, trend down)
2026-09-10T16:20:55.497268+00:00 LOSS -6.21 (lot 0.06): debt $57.40 (peak +0.00), chest $0.00 - bot net -57.40 (4 trades)
2026-09-10T16:21:02.205197+00:00 CHoCH bullish at 76991.14
2026-09-10T16:42:02.209741+00:00 CHoCH bullish at 77016.32
2026-09-10T16:46:01.224307+00:00 FLIP: trend now up
2026-09-10T16:58:36.066792+00:00 TOUCH ENTRY: BUY 0.06 @ ~77163.12 SL 77031.85 TP 77268.14 (risk $7.88, trend up)
2026-09-10T17:25:14.269660+00:00 WIN +6.28 (lot 0.06): debt $51.12 (peak +0.00), chest $0.00 - bot net -51.12 (5 trades)
2026-09-10T18:09:02.203733+00:00 CHoCH bearish at 77072.23
2026-09-10T22:37:02.216579+00:00 FLIP: trend now down
2026-09-10T22:59:03.746338+00:00 TOUCH ENTRY: SELL 0.06 @ ~76816.25 SL 76951.19 TP 76708.30 (risk $8.10, trend down)
2026-09-10T23:04:21.269335+00:00 WIN +6.48 (lot 0.06): debt $44.64 (peak +0.00), chest $0.00 - bot net -44.64 (6 trades)
2026-09-11T00:24:07.933502+00:00 BOS-BOT starting on 476989735 balance 155.36 base 0.06 RR 0.8 kill -80.0
2026-09-11T00:24:08.656979+00:00 seeded 3000 bars: trend -1 choch 0 kept 1190
2026-09-11T00:55:02.209851+00:00 CHoCH bullish at 76868.69
2026-09-11T01:01:02.266974+00:00 FLIP: trend now up
2026-09-11T01:16:02.204117+00:00 CHoCH bearish at 76838.73
2026-09-11T01:22:14.268113+00:00 FLIP: trend now down
2026-09-11T01:30:52.043176+00:00 TOUCH ENTRY: SELL 0.06 @ ~76746.37 SL 76882.88 TP 76637.16 (risk $8.19, trend down)
2026-09-11T01:36:12.273328+00:00 LOSS -8.53 (lot 0.06): debt $8.53 (peak +0.00), chest $0.00 - bot net -8.53 (1 trades)
2026-09-11T01:55:02.210070+00:00 CHoCH bullish at 76933.81
2026-09-11T02:05:02.213861+00:00 FLIP: trend now up
2026-09-11T02:08:02.212024+00:00 CHoCH bearish at 76875.09
2026-09-11T02:14:24.032348+00:00 TOUCH ENTRY: BUY 0.06 @ ~76967.68 SL 76859.18 TP 77054.48 (risk $6.51, trend up)
2026-09-11T02:18:10.238893+00:00 LOSS -6.45 (lot 0.06): debt $14.98 (peak +0.00), chest $0.00 - bot net -14.98 (2 trades)
2026-09-11T02:19:02.204336+00:00 FLIP: trend now down
2026-09-11T02:24:11.895236+00:00 TOUCH ENTRY: SELL 0.06 @ ~76824.57 SL 76884.78 TP 76776.40 (risk $3.61, trend down)
2026-09-11T02:26:48.316452+00:00 WIN +2.89 (lot 0.06): debt $12.09 (peak +0.00), chest $0.00 - bot net -12.09 (3 trades)
2026-09-11T02:49:02.205435+00:00 CHoCH bullish at 76893.13
2026-09-11T04:05:02.202996+00:00 CHoCH bullish at 76909.04
2026-09-11T04:21:46.148113+00:00 FLIP: trend now up
2026-09-11T05:39:19.933766+00:00 TOUCH ENTRY: BUY 0.06 @ ~77165.21 SL 77031.19 TP 77272.43 (risk $8.04, trend up)
2026-09-11T06:13:12.237632+00:00 WIN +6.44 (lot 0.06): debt $5.65 (peak +0.00), chest $0.00 - bot net -5.65 (4 trades)
2026-09-11T06:33:03.209099+00:00 CHoCH bearish at 77182.21
2026-09-11T08:09:03.212306+00:00 FLIP: trend now down
2026-09-11T08:25:03.803648+00:00 CHoCH bullish at 77391.04
2026-09-11T09:34:07.934513+00:00 TOUCH ENTRY: SELL 0.06 @ ~77083.75 SL 77474.31 TP 76771.30 (risk $23.43, trend down)
2026-09-11T11:07:01.205215+00:00 BOS signal skipped - market asleep (no flip in 2h)
2026-09-11T11:09:41.348706+00:00 WIN +18.75 (lot 0.06): debt $0.00 (peak +13.10), chest $10.00 - bot net +13.10 (5 trades)
2026-09-11T11:35:01.217442+00:00 BOS signal skipped - market asleep (no flip in 2h)
2026-09-11T11:46:01.201084+00:00 CHoCH bullish at 76891.01
2026-09-11T11:58:04.214522+00:00 FLIP: trend now up
