2026-09-08T19:24:08.698912+00:00 BOS-BOT starting on 223995441 balance 0.00 base 0.02 RR 0.8 kill -60.0
2026-09-08T19:24:09.419301+00:00 CHoCH bearish at 79893.40
2026-09-08T19:24:09.421310+00:00 CHoCH bullish at 79833.48
2026-09-08T19:24:09.440131+00:00 CHoCH bearish at 79879.87
2026-09-08T19:24:09.441586+00:00 CHoCH bullish at 79994.47
2026-09-08T19:24:09.447426+00:00 CHoCH bearish at 80333.70
2026-09-08T19:24:09.449625+00:00 CHoCH bullish at 80423.01
2026-09-08T19:24:09.451635+00:00 CHoCH bullish at 79975.90
2026-09-08T19:24:09.451635+00:00 CHoCH bearish at 79937.12
2026-09-08T19:24:09.460383+00:00 CHoCH bullish at 79705.82
2026-09-08T19:24:09.467051+00:00 CHoCH bearish at 79675.00
2026-09-08T19:24:09.474595+00:00 CHoCH bearish at 79628.13
2026-09-08T19:24:09.477864+00:00 CHoCH bullish at 79512.55
2026-09-08T19:24:09.484399+00:00 CHoCH bearish at 79469.68
2026-09-08T19:24:09.491373+00:00 CHoCH bullish at 79189.27
2026-09-08T19:24:09.493275+00:00 CHoCH bullish at 78948.22
2026-09-08T19:24:09.495284+00:00 CHoCH bearish at 79076.37
2026-09-08T19:24:09.502600+00:00 CHoCH bearish at 79115.59
2026-09-08T19:24:09.514833+00:00 CHoCH bearish at 79086.04
2026-09-08T19:24:09.539476+00:00 CHoCH bullish at 79228.57
2026-09-08T19:24:09.541684+00:00 CHoCH bearish at 79249.43
2026-09-08T19:24:09.553490+00:00 CHoCH bullish at 78433.43
2026-09-08T19:24:09.555239+00:00 CHoCH bullish at 78492.16
2026-09-08T19:24:09.555747+00:00 CHoCH bearish at 78414.60
2026-09-08T19:24:09.560208+00:00 CHoCH bearish at 78637.33
2026-09-08T19:24:09.568408+00:00 CHoCH bullish at 78477.31
2026-09-08T19:24:09.572361+00:00 CHoCH bullish at 78527.86
2026-09-08T19:24:09.580999+00:00 CHoCH bearish at 78444.68
2026-09-08T19:24:09.583011+00:00 CHoCH bearish at 78543.35
2026-09-08T19:24:09.584391+00:00 CHoCH bullish at 78631.34
2026-09-08T19:24:09.584391+00:00 CHoCH bearish at 78609.99
2026-09-08T19:24:09.589142+00:00 CHoCH bullish at 78438.75
2026-09-08T19:24:09.591152+00:00 seeded 3000 bars: trend -1 choch 1 kept 1129
2026-09-08T20:11:11.696875+00:00 BOS ENTRY: BUY 0.02 @ ~78613.78 SL 78313.32 TP 78854.15 (risk $6.01, trend up)
2026-09-08T20:30:13.560126+00:00 BOS-BOT starting on 223995441 balance 200.00 base 0.02 RR 0.8 kill -60.0
2026-09-08T20:30:13.565835+00:00 CHoCH bearish at 80333.70
2026-09-08T20:30:13.602001+00:00 CHoCH bullish at 80423.01
2026-09-08T20:30:13.613683+00:00 CHoCH bullish at 79975.90
2026-09-08T20:30:13.622568+00:00 CHoCH bearish at 79937.12
2026-09-08T20:30:13.624578+00:00 CHoCH bullish at 79705.82
2026-09-08T20:30:13.629787+00:00 CHoCH bearish at 79675.00
2026-09-08T20:30:13.643844+00:00 CHoCH bearish at 79628.13
2026-09-08T20:30:13.663606+00:00 CHoCH bullish at 79512.55
2026-09-08T20:30:13.675710+00:00 CHoCH bearish at 79469.68
2026-09-08T20:30:13.677354+00:00 CHoCH bullish at 79189.27
2026-09-08T20:30:13.679361+00:00 CHoCH bullish at 78948.22
2026-09-08T20:30:13.682104+00:00 CHoCH bearish at 79076.37
2026-09-08T20:30:13.683546+00:00 CHoCH bearish at 79115.59
2026-09-08T20:30:13.687638+00:00 CHoCH bearish at 79086.04
2026-09-08T20:30:13.701622+00:00 CHoCH bullish at 79228.57
2026-09-08T20:30:13.702881+00:00 CHoCH bearish at 79249.43
2026-09-08T20:30:13.714963+00:00 CHoCH bullish at 78433.43
2026-09-08T20:30:13.716571+00:00 CHoCH bullish at 78492.16
2026-09-08T20:30:13.719669+00:00 CHoCH bearish at 78414.60
2026-09-08T20:30:13.722598+00:00 CHoCH bearish at 78637.33
2026-09-08T20:30:13.725638+00:00 CHoCH bullish at 78477.31
2026-09-08T20:30:13.727127+00:00 CHoCH bullish at 78527.86
2026-09-08T20:30:13.728104+00:00 CHoCH bearish at 78444.68
2026-09-08T20:30:13.729137+00:00 CHoCH bearish at 78543.35
2026-09-08T20:30:13.731145+00:00 CHoCH bullish at 78631.34
2026-09-08T20:30:13.732408+00:00 CHoCH bearish at 78609.99
2026-09-08T20:30:13.733234+00:00 CHoCH bullish at 78438.75
2026-09-08T20:30:13.735241+00:00 seeded 3000 bars: trend 1 choch 0 kept 1137
2026-09-09T00:23:03.205995+00:00 CHoCH bearish at 78630.92
2026-09-09T00:39:03.204266+00:00 CHoCH bullish at 78623.31
2026-09-09T01:05:02.202327+00:00 CHoCH bearish at 78700.33
2026-09-09T01:12:34.261897+00:00 WIN +4.77 (lot 0.02): debt $0.00, chest $4.77 - bot net +4.77 (1 trades)
2026-09-09T01:12:44.279444+00:00 WIN +4.77 (lot 0.02): debt $0.00, chest $5.00 - bot net +9.54 (2 trades)
2026-09-09T01:12:54.299729+00:00 WIN +4.77 (lot 0.02): debt $0.00, chest $5.00 - bot net +14.31 (3 trades)
2026-09-09T01:13:05.206304+00:00 WIN +4.77 (lot 0.02): debt $0.00, chest $5.00 - bot net +19.08 (4 trades)
2026-09-09T01:13:42.773192+00:00 BOS-BOT starting on 223995441 balance 204.77 base 0.02 RR 0.8 kill -60.0
2026-09-09T01:13:42.797813+00:00 CHoCH bullish at 79975.90
2026-09-09T01:13:42.798803+00:00 CHoCH bearish at 79937.12
2026-09-09T01:13:42.800108+00:00 CHoCH bullish at 79705.82
2026-09-09T01:13:42.800712+00:00 CHoCH bearish at 79675.00
2026-09-09T01:13:42.801249+00:00 CHoCH bearish at 79628.13
2026-09-09T01:13:42.803270+00:00 CHoCH bullish at 79512.55
2026-09-09T01:13:42.805278+00:00 CHoCH bearish at 79469.68
2026-09-09T01:13:42.808842+00:00 CHoCH bullish at 79189.27
2026-09-09T01:13:42.809948+00:00 CHoCH bullish at 78948.22
2026-09-09T01:13:42.810340+00:00 CHoCH bearish at 79076.37
2026-09-09T01:13:42.810850+00:00 CHoCH bearish at 79115.59
2026-09-09T01:13:42.811956+00:00 CHoCH bearish at 79086.04
2026-09-09T01:13:42.813216+00:00 CHoCH bullish at 79228.57
2026-09-09T01:13:42.817264+00:00 CHoCH bearish at 79249.43
2026-09-09T01:13:42.821280+00:00 CHoCH bullish at 78433.43
2026-09-09T01:13:42.821280+00:00 CHoCH bullish at 78492.16
2026-09-09T01:13:42.823090+00:00 CHoCH bearish at 78414.60
2026-09-09T01:13:42.826107+00:00 CHoCH bearish at 78637.33
2026-09-09T01:13:42.828117+00:00 CHoCH bullish at 78477.31
2026-09-09T01:13:42.830130+00:00 CHoCH bullish at 78527.86
2026-09-09T01:13:42.830130+00:00 CHoCH bearish at 78444.68
2026-09-09T01:13:42.830130+00:00 CHoCH bearish at 78543.35
2026-09-09T01:13:42.832973+00:00 CHoCH bullish at 78631.34
2026-09-09T01:13:42.832973+00:00 CHoCH bearish at 78609.99
2026-09-09T01:13:42.834343+00:00 CHoCH bullish at 78438.75
2026-09-09T01:13:42.839341+00:00 CHoCH bearish at 78630.92
2026-09-09T01:13:42.840818+00:00 CHoCH bullish at 78623.31
2026-09-09T01:13:42.841349+00:00 CHoCH bearish at 78700.33
2026-09-09T01:13:42.843358+00:00 seeded 3000 bars: trend 1 choch 0 kept 1168
2026-09-09T01:13:43.844231+00:00 WIN +4.77 (lot 0.02): debt $0.00, chest $5.00 - bot net +9.54 (2 trades)
2026-09-09T01:14:22.617778+00:00 BOS-BOT starting on 223995441 balance 204.77 base 0.02 RR 0.8 kill -60.0
2026-09-09T01:14:22.622379+00:00 CHoCH bullish at 79975.90
2026-09-09T01:14:22.623998+00:00 CHoCH bearish at 79937.12
2026-09-09T01:14:22.624387+00:00 CHoCH bullish at 79705.82
2026-09-09T01:14:22.626008+00:00 CHoCH bearish at 79675.00
2026-09-09T01:14:22.626394+00:00 CHoCH bearish at 79628.13
2026-09-09T01:14:22.630631+00:00 CHoCH bullish at 79512.55
2026-09-09T01:14:22.640649+00:00 CHoCH bearish at 79469.68
2026-09-09T01:14:22.642657+00:00 CHoCH bullish at 79189.27
2026-09-09T01:14:22.643352+00:00 CHoCH bullish at 78948.22
2026-09-09T01:14:22.644664+00:00 CHoCH bearish at 79076.37
2026-09-09T01:14:22.646773+00:00 CHoCH bearish at 79115.59
2026-09-09T01:14:22.649804+00:00 CHoCH bearish at 79086.04
2026-09-09T01:14:22.652448+00:00 CHoCH bullish at 79228.57
2026-09-09T01:14:22.657823+00:00 CHoCH bearish at 79249.43
2026-09-09T01:14:22.661837+00:00 CHoCH bullish at 78433.43
2026-09-09T01:14:22.662525+00:00 CHoCH bullish at 78492.16
2026-09-09T01:14:22.663366+00:00 CHoCH bearish at 78414.60
2026-09-09T01:14:22.665853+00:00 CHoCH bearish at 78637.33
2026-09-09T01:14:22.667867+00:00 CHoCH bullish at 78477.31
2026-09-09T01:14:22.671398+00:00 CHoCH bullish at 78527.86
2026-09-09T01:14:22.672792+00:00 CHoCH bearish at 78444.68
2026-09-09T01:14:22.675834+00:00 CHoCH bearish at 78543.35
2026-09-09T01:14:22.677966+00:00 CHoCH bullish at 78631.34
2026-09-09T01:14:22.678509+00:00 CHoCH bearish at 78609.99
2026-09-09T01:14:22.678509+00:00 CHoCH bullish at 78438.75
2026-09-09T01:14:22.709857+00:00 CHoCH bearish at 78630.92
2026-09-09T01:14:22.709857+00:00 CHoCH bullish at 78623.31
2026-09-09T01:14:22.717909+00:00 CHoCH bearish at 78700.33
2026-09-09T01:14:22.725777+00:00 seeded 3000 bars: trend 1 choch 0 kept 1168
2026-09-09T01:15:26.038340+00:00 BOS-BOT starting on 223995441 balance 204.77 base 0.02 RR 0.8 kill -60.0
2026-09-09T01:15:26.104696+00:00 seeded 3000 bars: trend 1 choch 0 kept 1168
2026-09-09T01:17:03.209294+00:00 CHoCH bearish at 78660.86
2026-09-09T01:38:02.768429+00:00 BOS ENTRY: BUY 0.02 @ ~78873.10 SL 78621.82 TP 79074.12 (risk $5.03, trend up)
2026-09-09T02:13:03.224920+00:00 CHoCH bearish at 78802.99
2026-09-09T03:10:30.269715+00:00 LOSS -5.02 (lot 0.02): debt $5.02, chest $4.77
2026-09-09T03:13:26.794891+00:00 BOS-BOT starting on 223995441 balance 199.75 base 0.02 RR 0.8 kill -60.0
2026-09-09T03:13:26.852185+00:00 seeded 3000 bars: trend -1 choch 0 kept 1152
2026-09-09T03:27:03.210786+00:00 FIGHTER: 3 bullet(s) ride along -> lot 0.05 (chest $4.77 covers 3 x $0.92)
2026-09-09T03:27:03.774630+00:00 BOS ENTRY: SELL 0.05 @ ~78529.00 SL 78621.33 TP 78455.14 (risk $4.62, trend down)
2026-09-09T03:41:09.465313+00:00 LOSS -4.40 (lot 0.05): debt $6.78, chest $2.13
2026-09-09T03:42:03.209666+00:00 CHoCH bullish at 78646.23
2026-09-09T03:48:03.276340+00:00 BOS-BOT starting on 223995441 balance 195.35 base 0.02 RR 0.8 kill -60.0
2026-09-09T03:48:03.336178+00:00 seeded 3000 bars: trend -1 choch 1 kept 1147
2026-09-09T04:01:03.206212+00:00 FLIP: trend now up
2026-09-09T04:01:03.216048+00:00 FIGHTER: 1 bullet(s) ride along -> lot 0.03 (chest $2.13 covers 1 x $1.87)
2026-09-09T04:01:03.862405+00:00 BOS ENTRY: BUY 0.03 @ ~78772.20 SL 78584.80 TP 78922.12 (risk $5.62, trend up)
2026-09-09T04:04:31.265902+00:00 WIN +4.57 (lot 0.03): debt $2.21, chest $2.13 - bot net -0.08 (4 trades)
2026-09-09T04:44:03.861301+00:00 BOS ENTRY: BUY 0.02 @ ~79157.44 SL 78730.91 TP 79498.66 (risk $8.53, trend up)
2026-09-09T05:32:03.205733+00:00 CHoCH bearish at 78969.48
2026-09-09T08:03:03.216094+00:00 BOS signal skipped - market asleep (no flip in 2h)
2026-09-09T08:09:47.347158+00:00 WIN +6.86 (lot 0.02): debt $0.00, chest $5.00 - bot net +6.78 (5 trades)
2026-09-09T08:22:04.208111+00:00 BOS signal skipped - market asleep (no flip in 2h)
2026-09-09T09:07:16.001066+00:00 BOS-BOT starting on 223995441 balance 206.78 base 0.02 RR 0.8 kill -60.0
2026-09-09T09:07:16.036990+00:00 seeded 3000 bars: trend 1 choch 0 kept 1139
2026-09-09T09:36:01.201661+00:00 CHoCH bearish at 79340.02
2026-09-09T11:02:02.205734+00:00 FLIP: trend now down
2026-09-09T11:02:02.739837+00:00 FLIP-BOS ENTRY: SELL 0.02 @ ~78830.02 SL 79157.76 TP 78567.83 (risk $6.55, trend down)
2026-09-09T11:49:15.102573+00:00 LOSS -6.58 (lot 0.02): debt $6.58, chest $5.00
2026-09-09T11:51:02.204815+00:00 CHoCH bullish at 79237.35
2026-09-09T12:03:38.040932+00:00 BOS-BOT starting on 223995441 balance 200.20 base 0.02 RR 0.8 kill -60.0
2026-09-09T12:03:38.152302+00:00 seeded 3000 bars: trend -1 choch 1 kept 1132
2026-09-09T12:32:01.205853+00:00 FLIP: trend now up
2026-09-09T12:32:01.207862+00:00 FIGHTER: 2 bullet(s) ride along -> lot 0.04 (chest $5.00 covers 2 x $1.83)
2026-09-09T12:32:01.768596+00:00 FLIP-BOS ENTRY: BUY 0.04 @ ~79468.33 SL 79285.44 TP 79614.64 (risk $7.32, trend up)
2026-09-09T12:33:29.078882+00:00 BOS-BOT starting on 223995441 balance 200.20 base 0.02 RR 0.8 kill -60.0
2026-09-09T12:33:29.130569+00:00 seeded 3000 bars: trend 1 choch 0 kept 1139
2026-09-09T12:50:07.231939+00:00 WIN +5.86 (lot 0.04): debt $0.72, chest $5.00 - bot net +6.06 (7 trades)
2026-09-09T13:32:35.370932+00:00 FIGHTER: 2 bullet(s) ride along -> lot 0.04 (chest $5.00 covers 2 x $2.35)
2026-09-09T13:32:35.932474+00:00 TOUCH ENTRY: BUY 0.04 @ ~79669.42 SL 79434.15 TP 79857.64 (risk $9.41, trend up)
2026-09-09T13:33:41.864321+00:00 PULLBACK ADD: 0.02 bullets at 50% (79551.79), same SL/TP - chest covers $2.36
2026-09-09T13:36:12.250996+00:00 LOSS -9.40 (lot 0.04): debt $5.42, chest $0.30
2026-09-09T13:36:12.255572+00:00 ADD lost -2.37: chest pays -> $0.00
2026-09-09T13:37:01.214149+00:00 CHoCH bearish at 79353.54
2026-09-09T13:43:02.223605+00:00 FLIP: trend now down
2026-09-09T13:43:02.986715+00:00 FLIP-BOS ENTRY: SELL 0.02 @ ~79174.42 SL 79447.71 TP 78955.79 (risk $5.47, trend down)
2026-09-09T14:01:36.363071+00:00 WIN +3.78 (lot 0.02): debt $1.64, chest $0.00 - bot net -1.93 (9 trades)
2026-09-09T14:11:47.044690+00:00 TOUCH ENTRY: SELL 0.02 @ ~78886.41 SL 79192.27 TP 78641.72 (risk $6.12, trend down)
2026-09-09T14:28:45.440037+00:00 LOSS -6.12 (lot 0.02): debt $7.76, chest $0.00
2026-09-09T14:36:02.202914+00:00 CHoCH bullish at 79353.00
2026-09-09T15:01:01.241354+00:00 CHoCH bullish at 79372.01
2026-09-09T15:01:34.105854+00:00 TOUCH ENTRY: SELL 0.02 @ ~78863.52 SL 79372.01 TP 78456.73 (risk $10.17, trend down)
2026-09-09T15:07:19.340951+00:00 WIN +8.27 (lot 0.02): debt $0.00, chest $0.51 - bot net +0.22 (11 trades)
2026-09-09T15:22:02.651774+00:00 TOUCH ENTRY: SELL 0.02 @ ~78217.63 SL 78610.91 TP 77903.01 (risk $7.87, trend down)
2026-09-09T15:35:05.305122+00:00 LOSS -7.00 (lot 0.02): debt $7.00, chest $0.51
2026-09-09T15:37:02.221114+00:00 CHoCH bullish at 78669.63
2026-09-09T16:04:01.216767+00:00 FLIP: trend now up
2026-09-09T16:04:02.188469+00:00 FLIP-BOS ENTRY: BUY 0.02 @ ~78727.16 SL 78530.93 TP 78884.14 (risk $3.92, trend up)
2026-09-09T16:09:06.235605+00:00 LOSS -3.96 (lot 0.02): debt $10.96, chest $0.51
2026-09-09T16:10:01.215347+00:00 CHoCH bearish at 78471.44
2026-09-09T16:21:46.097422+00:00 BOS-BOT starting on 223995441 balance 189.26 base 0.02 RR 0.8 kill -60.0
2026-09-09T16:21:46.163954+00:00 seeded 3000 bars: trend 1 choch -1 kept 1152
2026-09-09T16:23:02.208734+00:00 FLIP: trend now down
2026-09-09T16:23:03.292205+00:00 FLIP-BOS ENTRY: SELL 0.02 @ ~78468.16 SL 78653.26 TP 78320.08 (risk $3.70, trend down)
2026-09-09T16:30:25.332321+00:00 LOSS -3.71 (lot 0.02): debt $20.51 (peak +6.06), chest $0.51 - bot net -14.45 (14 trades)
2026-09-09T16:31:02.211082+00:00 CHoCH bullish at 78686.89
2026-09-09T18:55:02.211372+00:00 BOS signal skipped - market asleep (no flip in 2h)
2026-09-09T19:39:03.209642+00:00 BOS signal skipped - market asleep (no flip in 2h)
2026-09-09T20:30:02.207139+00:00 BOS signal skipped - market asleep (no flip in 2h)
2026-09-09T20:36:02.201387+00:00 CHoCH bullish at 78301.58
2026-09-09T21:06:03.202790+00:00 FLIP: trend now up
2026-09-09T21:06:03.942004+00:00 FLIP-BOS ENTRY: BUY 0.02 @ ~78330.30 SL 78080.22 TP 78530.36 (risk $5.00, trend up)
2026-09-09T21:50:03.204373+00:00 LOSS -5.03 (lot 0.02): debt $25.54 (peak +6.06), chest $0.51 - bot net -19.48 (15 trades)
2026-09-09T21:51:02.202094+00:00 CHoCH bearish at 78008.44
2026-09-09T22:08:03.583194+00:00 FLIP: trend now down
2026-09-09T22:08:04.357025+00:00 FLIP-BOS ENTRY: SELL 0.02 @ ~77941.01 SL 78179.64 TP 77750.11 (risk $4.77, trend down)
2026-09-09T23:10:25.264844+00:00 LOSS -5.20 (lot 0.02): debt $30.74 (peak +6.06), chest $0.51 - bot net -24.68 (16 trades)
2026-09-09T23:33:02.208347+00:00 CHoCH bullish at 78189.13
2026-09-10T01:06:03.212274+00:00 FLIP: trend now up
2026-09-10T01:06:04.139042+00:00 FLIP-BOS ENTRY: BUY 0.02 @ ~78373.93 SL 78085.26 TP 78604.87 (risk $5.77, trend up)
2026-09-10T01:33:02.219659+00:00 LOSS -5.80 (lot 0.02): debt $36.54 (peak +6.06), chest $0.51 - bot net -30.48 (17 trades)
2026-09-10T01:33:03.239112+00:00 CHoCH bearish at 78078.21
2026-09-10T03:03:26.792605+00:00 TOUCH ENTRY: BUY 0.02 @ ~78433.93 SL 77935.07 TP 78833.02 (risk $9.98, trend up)
2026-09-10T07:33:42.328688+00:00 LOSS -9.92 (lot 0.02): debt $46.46 (peak +6.06), chest $0.51 - bot net -40.40 (18 trades)
2026-09-10T07:34:04.217249+00:00 CHoCH bearish at 77928.71
2026-09-10T10:34:01.223110+00:00 FLIP: trend now down
2026-09-10T10:34:02.374200+00:00 FLIP-BOS ENTRY: SELL 0.02 @ ~77811.45 SL 78204.12 TP 77497.31 (risk $7.85, trend down)
2026-09-10T11:33:02.207483+00:00 CHoCH bullish at 78025.73
2026-09-10T12:30:38.493774+00:00 TOUCH ENTRY: SELL 0.02 @ ~77378.56 SL 77804.30 TP 77037.97 (risk $8.51, trend down)
2026-09-10T12:30:41.582176+00:00 WIN +6.18 (lot 0.02): debt $40.28 (peak +6.06), chest $0.51 - bot net -34.22 (19 trades)
2026-09-10T12:37:01.227203+00:00 BOS signal skipped - market asleep (no flip in 2h)
2026-09-10T12:39:04.240878+00:00 WIN +7.22 (lot 0.02): debt $33.06 (peak +6.06), chest $0.51 - bot net -27.00 (20 trades)
2026-09-10T12:56:01.210158+00:00 BOS signal skipped - market asleep (no flip in 2h)
2026-09-10T13:54:01.211128+00:00 CHoCH bullish at 77143.19
2026-09-10T14:29:02.229344+00:00 FLIP: trend now up
2026-09-10T14:29:03.197006+00:00 FLIP-BOS ENTRY: BUY 0.02 @ ~77344.31 SL 76922.35 TP 77681.88 (risk $8.44, trend up)
2026-09-10T15:18:01.205332+00:00 CHoCH bearish at 77231.90
2026-09-10T16:05:01.203629+00:00 FLIP: trend now down
2026-09-10T16:09:02.213181+00:00 LOSS -8.44 (lot 0.02): debt $41.50 (peak +6.06), chest $0.51 - bot net -35.44 (21 trades)
2026-09-10T16:17:12.464398+00:00 TOUCH ENTRY: SELL 0.02 @ ~76879.37 SL 76972.69 TP 76804.71 (risk $1.87, trend down)
2026-09-10T16:20:42.563713+00:00 PULLBACK ADD: 0.01 bullet at 50% (76926.03), same SL/TP - chest covers $0.47
2026-09-10T16:20:56.626425+00:00 LOSS -2.03 (lot 0.02): debt $43.53 (peak +6.06), chest $0.51 - bot net -37.47 (22 trades)
2026-09-10T16:20:56.626425+00:00 ADD -0.39 (lot 0.01): debt $43.92 (peak +6.06), chest $0.12 - bot net -37.86 (22 trades)
2026-09-10T16:21:02.205197+00:00 CHoCH bullish at 76991.14
2026-09-10T16:34:16.124490+00:00 TOUCH ENTRY: SELL 0.02 @ ~76833.22 SL 77013.29 TP 76689.16 (risk $3.60, trend down)
2026-09-10T16:41:01.120371+00:00 LOSS -3.38 (lot 0.02): debt $47.30 (peak +6.06), chest $0.12 - bot net -41.24 (23 trades)
2026-09-10T16:42:02.215996+00:00 CHoCH bullish at 77016.32
2026-09-10T16:46:01.201286+00:00 FLIP: trend now up
2026-09-10T16:46:02.153035+00:00 FLIP-BOS ENTRY: BUY 0.02 @ ~77056.07 SL 76928.18 TP 77158.38 (risk $2.56, trend up)
2026-09-10T16:47:15.267220+00:00 WIN +2.05 (lot 0.02): debt $45.25 (peak +6.06), chest $0.12 - bot net -39.19 (24 trades)
2026-09-10T16:58:36.214685+00:00 TOUCH ENTRY: BUY 0.02 @ ~77163.12 SL 77031.86 TP 77268.13 (risk $2.63, trend up)
2026-09-10T17:25:14.275969+00:00 WIN +2.09 (lot 0.02): debt $43.16 (peak +6.06), chest $0.12 - bot net -37.10 (25 trades)
2026-09-10T18:09:02.203733+00:00 CHoCH bearish at 77072.23
2026-09-10T22:37:02.202062+00:00 FLIP: trend now down
2026-09-10T22:37:03.191999+00:00 FLIP-BOS ENTRY: SELL 0.02 @ ~76918.74 SL 77321.27 TP 76596.72 (risk $8.05, trend down)
2026-09-10T23:08:56.288523+00:00 WIN +6.38 (lot 0.02): debt $36.78 (peak +6.06), chest $0.12 - bot net -30.72 (26 trades)
2026-09-10T23:08:57.156919+00:00 TOUCH ENTRY: SELL 0.02 @ ~76575.18 SL 76855.89 TP 76350.61 (risk $5.61, trend down)
2026-09-11T00:24:07.909142+00:00 BOS-BOT starting on 223995441 balance 169.28 base 0.02 RR 0.8 kill -60.0
2026-09-11T00:24:08.682923+00:00 seeded 3000 bars: trend -1 choch 0 kept 1190
2026-09-11T00:54:24.379107+00:00 LOSS -5.05 (lot 0.02): debt $41.83 (peak +6.06), chest $0.12 - bot net -35.77 (27 trades)
2026-09-11T00:55:02.202863+00:00 CHoCH bullish at 76868.69
2026-09-11T01:01:02.273489+00:00 FLIP: trend now up
2026-09-11T01:01:03.186972+00:00 FLIP-BOS ENTRY: BUY 0.02 @ ~76907.35 SL 76845.49 TP 76956.84 (risk $1.24, trend up)
2026-09-11T01:02:23.336120+00:00 WIN +0.98 (lot 0.02): debt $40.85 (peak +6.06), chest $0.12 - bot net -34.79 (28 trades)
2026-09-11T01:16:02.204117+00:00 CHoCH bearish at 76838.73
2026-09-11T01:22:21.638511+00:00 FLIP: trend now down
2026-09-11T01:22:39.669946+00:00 FLIP-BOS ENTRY: SELL 0.02 @ ~76760.39 SL 76927.09 TP 76627.03 (risk $3.33, trend down)
2026-09-11T01:54:44.310115+00:00 LOSS -3.33 (lot 0.02): debt $44.18 (peak +6.06), chest $0.12 - bot net -38.12 (29 trades)
2026-09-11T01:55:02.210070+00:00 CHoCH bullish at 76933.81
2026-09-11T02:05:02.205688+00:00 FLIP: trend now up
2026-09-11T02:05:03.391569+00:00 FLIP-BOS ENTRY: BUY 0.02 @ ~76964.89 SL 76885.31 TP 77028.55 (risk $1.59, trend up)
2026-09-11T02:07:16.251434+00:00 LOSS -1.67 (lot 0.02): debt $45.85 (peak +6.06), chest $0.12 - bot net -39.79 (30 trades)
2026-09-11T02:08:02.212024+00:00 CHoCH bearish at 76875.09
2026-09-11T02:14:24.378154+00:00 TOUCH ENTRY: BUY 0.02 @ ~76967.69 SL 76859.18 TP 77054.50 (risk $2.17, trend up)
2026-09-11T02:18:09.220499+00:00 LOSS -2.15 (lot 0.02): debt $48.00 (peak +6.06), chest $0.12 - bot net -41.94 (31 trades)
2026-09-11T02:19:02.210688+00:00 FLIP: trend now down
2026-09-11T02:19:03.098676+00:00 FLIP-BOS ENTRY: SELL 0.02 @ ~76850.95 SL 76955.41 TP 76767.38 (risk $2.09, trend down)
2026-09-11T02:26:56.345715+00:00 WIN +1.70 (lot 0.02): debt $46.30 (peak +6.06), chest $0.12 - bot net -40.24 (32 trades)
2026-09-11T02:49:02.205435+00:00 CHoCH bullish at 76893.13
2026-09-11T03:05:29.156101+00:00 TOUCH ENTRY: SELL 0.02 @ ~76738.15 SL 76898.72 TP 76609.69 (risk $3.21, trend down)
2026-09-11T04:01:21.263259+00:00 LOSS -3.20 (lot 0.02): debt $49.50 (peak +6.06), chest $0.12 - bot net -43.44 (33 trades)
2026-09-11T04:05:02.205020+00:00 CHoCH bullish at 76909.04
2026-09-11T04:21:46.150964+00:00 FLIP: trend now up
2026-09-11T04:21:49.880110+00:00 FLIP-BOS ENTRY: BUY 0.02 @ ~76981.69 SL 76864.61 TP 77075.35 (risk $2.34, trend up)
2026-09-11T04:25:54.340249+00:00 WIN +1.89 (lot 0.02): debt $47.61 (peak +6.06), chest $0.12 - bot net -41.55 (34 trades)
2026-09-11T05:39:20.017590+00:00 TOUCH ENTRY: BUY 0.02 @ ~77165.21 SL 77031.05 TP 77272.54 (risk $2.68, trend up)
2026-09-11T06:13:12.237632+00:00 WIN +2.15 (lot 0.02): debt $45.46 (peak +6.06), chest $0.12 - bot net -39.40 (35 trades)
2026-09-11T06:33:03.210690+00:00 CHoCH bearish at 77182.21
2026-09-11T08:09:03.209788+00:00 FLIP: trend now down
2026-09-11T08:09:03.876836+00:00 FLIP-BOS ENTRY: SELL 0.02 @ ~77119.62 SL 77362.18 TP 76925.57 (risk $4.85, trend down)
2026-09-11T08:24:27.313291+00:00 LOSS -5.09 (lot 0.02): debt $50.55 (peak +6.06), chest $0.12 - bot net -44.49 (36 trades)
2026-09-11T08:25:03.542423+00:00 CHoCH bullish at 77391.04
2026-09-11T09:34:07.913518+00:00 TOUCH ENTRY: SELL 0.02 @ ~77083.75 SL 77474.31 TP 76771.30 (risk $7.81, trend down)
2026-09-11T11:07:01.215016+00:00 BOS signal skipped - market asleep (no flip in 2h)
2026-09-11T11:09:41.353366+00:00 WIN +6.25 (lot 0.02): debt $44.30 (peak +6.06), chest $0.12 - bot net -38.24 (37 trades)
2026-09-11T11:35:01.206831+00:00 BOS signal skipped - market asleep (no flip in 2h)
2026-09-11T11:46:01.201536+00:00 CHoCH bullish at 76891.01
2026-09-11T11:58:01.211357+00:00 FLIP: trend now up
2026-09-11T11:58:41.801493+00:00 FLIP-BOS ENTRY: BUY 0.02 @ ~76978.40 SL 76851.81 TP 77079.67 (risk $2.53, trend up)
2026-09-11T12:02:56.603973+00:00 WIN +1.65 (lot 0.02): debt $42.65 (peak +6.06), chest $0.12 - bot net -36.59 (38 trades)
