2026-09-09T22:18:00.832592+00:00 BOS-BOT starting on 476989740 balance 200.00 base 0.02 RR 0.8 kill -60.0
2026-09-09T22:18:01.732380+00:00 seeded 3000 bars: trend -1 choch 0 kept 1196
2026-09-09T23:33:02.208347+00:00 CHoCH bullish at 78189.13
2026-09-10T01:06:03.210268+00:00 FLIP: trend now up
2026-09-10T01:06:03.847480+00:00 FLIP-BOS ENTRY: BUY 0.02 @ ~78373.93 SL 78085.26 TP 78604.87 (risk $5.77, trend up)
2026-09-10T01:33:02.205739+00:00 LOSS -5.86 (lot 0.02): debt $2.93 (peak +0.00), chest $0.00 - bot net -5.86 (1 trades)
2026-09-10T01:33:03.208127+00:00 CHoCH bearish at 78078.21
2026-09-10T03:03:26.420557+00:00 TOUCH ENTRY: BUY 0.02 @ ~78433.93 SL 77935.07 TP 78833.02 (risk $9.98, trend up)
2026-09-10T07:33:42.303816+00:00 LOSS -9.98 (lot 0.02): debt $7.92 (peak +0.00), chest $0.00 - bot net -15.84 (2 trades)
2026-09-10T07:34:04.241143+00:00 CHoCH bearish at 77928.71
2026-09-10T10:34:01.234462+00:00 FLIP: trend now down
2026-09-10T10:34:01.967515+00:00 FLIP-BOS ENTRY: SELL 0.02 @ ~77811.45 SL 78204.12 TP 77497.31 (risk $7.85, trend down)
2026-09-10T11:33:02.208906+00:00 CHoCH bullish at 78025.73
2026-09-10T12:30:38.414534+00:00 TOUCH ENTRY: SELL 0.02 @ ~77378.20 SL 77804.35 TP 77037.28 (risk $8.52, trend down)
2026-09-10T12:30:41.425320+00:00 WIN +6.32 (lot 0.02): debt $1.60 (peak +0.00), chest $0.00 - bot net -9.52 (3 trades)
2026-09-10T12:37:01.224027+00:00 BOS signal skipped - market asleep (no flip in 2h)
2026-09-10T12:39:04.240878+00:00 WIN +6.86 (lot 0.02): debt $0.00 (peak +0.00), chest $5.26 - bot net -2.66 (4 trades)
2026-09-10T12:56:01.207719+00:00 BOS signal skipped - market asleep (no flip in 2h)
2026-09-10T13:54:01.216991+00:00 CHoCH bullish at 77143.19
2026-09-10T14:29:02.229344+00:00 FLIP: trend now up
2026-09-10T14:29:03.046652+00:00 FLIP-BOS ENTRY: BUY 0.02 @ ~77344.31 SL 76922.34 TP 77681.89 (risk $8.44, trend up)
2026-09-10T15:18:01.203546+00:00 CHoCH bearish at 77231.90
2026-09-10T15:21:14.326978+00:00 PULLBACK ADD: 0.02 bullets at 50% (77133.32), same SL/TP - chest covers $4.22
2026-09-10T16:05:01.203629+00:00 FLIP: trend now down
2026-09-10T16:09:02.213689+00:00 LOSS -8.44 (lot 0.02): debt $4.22 (peak +0.00), chest $5.26 - bot net -11.10 (5 trades)
2026-09-10T16:09:02.213689+00:00 ADD -4.12 (lot 0.02): debt $6.28 (peak +0.00), chest $1.14 - bot net -15.22 (5 trades)
2026-09-10T16:17:11.260650+00:00 FIGHTER: 1 bullet(s) ride along -> lot 0.03 (chest $1.14 covers 1 x $0.93)
2026-09-10T16:17:11.936485+00:00 TOUCH ENTRY: SELL 0.03 @ ~76879.37 SL 76972.69 TP 76804.71 (risk $2.80, trend down)
2026-09-10T16:20:42.118349+00:00 PULLBACK ADD: 0.02 bullets at 50% (76926.03), same SL/TP - chest covers $0.94
2026-09-10T16:20:57.174283+00:00 LOSS -3.10 (lot 0.03): debt $7.83 (peak +0.00), chest $0.11 - bot net -18.32 (6 trades)
2026-09-10T16:20:57.174793+00:00 ADD -0.85 (lot 0.02): debt $8.26 (peak +0.00), chest $0.00 - bot net -19.17 (6 trades)
2026-09-10T16:21:03.210473+00:00 CHoCH bullish at 76991.14
2026-09-10T16:34:15.998066+00:00 TOUCH ENTRY: SELL 0.02 @ ~76833.22 SL 77013.28 TP 76689.17 (risk $3.60, trend down)
2026-09-10T16:41:01.120371+00:00 LOSS -3.38 (lot 0.02): debt $9.95 (peak +0.00), chest $0.00 - bot net -22.55 (7 trades)
2026-09-10T16:42:02.209741+00:00 CHoCH bullish at 77016.32
2026-09-10T16:46:01.201286+00:00 FLIP: trend now up
2026-09-10T16:46:01.831494+00:00 FLIP-BOS ENTRY: BUY 0.02 @ ~77056.07 SL 76928.18 TP 77158.38 (risk $2.56, trend up)
2026-09-10T16:47:14.106784+00:00 WIN +2.05 (lot 0.02): debt $7.90 (peak +0.00), chest $0.00 - bot net -20.50 (8 trades)
2026-09-10T16:58:36.070806+00:00 TOUCH ENTRY: BUY 0.02 @ ~77163.12 SL 77031.85 TP 77268.14 (risk $2.63, trend up)
2026-09-10T17:25:12.253319+00:00 WIN +2.09 (lot 0.02): debt $5.81 (peak +0.00), chest $0.00 - bot net -18.41 (9 trades)
2026-09-10T18:09:02.204258+00:00 CHoCH bearish at 77072.23
2026-09-10T22:37:02.209343+00:00 FLIP: trend now down
2026-09-10T22:37:02.765552+00:00 FLIP-BOS ENTRY: SELL 0.02 @ ~76919.01 SL 77321.27 TP 76597.20 (risk $8.05, trend down)
2026-09-10T23:08:56.304923+00:00 WIN +6.44 (lot 0.02): debt $0.00 (peak +0.00), chest $0.63 - bot net -11.97 (10 trades)
2026-09-10T23:08:57.040808+00:00 TOUCH ENTRY: SELL 0.02 @ ~76575.08 SL 76855.89 TP 76350.43 (risk $5.62, trend down)
2026-09-11T00:24:08.162723+00:00 BOS-BOT starting on 476989740 balance 188.03 base 0.02 RR 0.8 kill -60.0
2026-09-11T00:24:08.743194+00:00 seeded 3000 bars: trend -1 choch 0 kept 1190
2026-09-11T00:54:23.349559+00:00 LOSS -5.34 (lot 0.02): debt $2.67 (peak +0.00), chest $0.00 - bot net -5.34 (1 trades)
2026-09-11T00:55:02.202863+00:00 CHoCH bullish at 76868.69
2026-09-11T01:01:02.254744+00:00 FLIP: trend now up
2026-09-11T01:01:02.973830+00:00 FLIP-BOS ENTRY: BUY 0.02 @ ~76907.35 SL 76845.49 TP 76956.84 (risk $1.24, trend up)
2026-09-11T01:02:23.246549+00:00 WIN +0.98 (lot 0.02): debt $1.69 (peak +0.00), chest $0.00 - bot net -4.36 (2 trades)
2026-09-11T01:16:02.209323+00:00 CHoCH bearish at 76838.73
2026-09-11T01:22:17.281731+00:00 FLIP: trend now down
2026-09-11T01:22:41.330419+00:00 FLIP-BOS ENTRY: SELL 0.02 @ ~76770.40 SL 76927.09 TP 76645.05 (risk $3.13, trend down)
2026-09-11T01:54:53.336162+00:00 LOSS -3.22 (lot 0.02): debt $3.30 (peak +0.00), chest $0.00 - bot net -7.58 (3 trades)
2026-09-11T01:55:02.210070+00:00 CHoCH bullish at 76933.81
2026-09-11T02:05:02.213861+00:00 FLIP: trend now up
2026-09-11T02:05:02.896440+00:00 FLIP-BOS ENTRY: BUY 0.02 @ ~76964.89 SL 76885.31 TP 77028.55 (risk $1.59, trend up)
2026-09-11T02:07:14.198426+00:00 LOSS -1.70 (lot 0.02): debt $4.15 (peak +0.00), chest $0.00 - bot net -9.28 (4 trades)
2026-09-11T02:08:02.220582+00:00 CHoCH bearish at 76875.09
2026-09-11T02:14:23.835146+00:00 TOUCH ENTRY: BUY 0.02 @ ~76967.68 SL 76859.18 TP 77054.48 (risk $2.17, trend up)
2026-09-11T02:18:05.226931+00:00 LOSS -2.15 (lot 0.02): debt $5.23 (peak +0.00), chest $0.00 - bot net -11.43 (5 trades)
2026-09-11T02:19:02.203815+00:00 FLIP: trend now down
2026-09-11T02:19:02.786714+00:00 FLIP-BOS ENTRY: SELL 0.02 @ ~76850.95 SL 76955.41 TP 76767.38 (risk $2.09, trend down)
2026-09-11T02:26:52.322806+00:00 WIN +1.67 (lot 0.02): debt $3.56 (peak +0.00), chest $0.00 - bot net -9.76 (6 trades)
2026-09-11T02:49:02.204911+00:00 CHoCH bullish at 76893.13
2026-09-11T03:05:28.792631+00:00 TOUCH ENTRY: SELL 0.02 @ ~76738.15 SL 76898.72 TP 76609.69 (risk $3.21, trend down)
2026-09-11T04:01:21.251169+00:00 LOSS -3.20 (lot 0.02): debt $5.16 (peak +0.00), chest $0.00 - bot net -12.96 (7 trades)
2026-09-11T04:05:02.202996+00:00 CHoCH bullish at 76909.04
2026-09-11T04:21:46.148953+00:00 FLIP: trend now up
2026-09-11T04:21:50.103179+00:00 FLIP-BOS ENTRY: BUY 0.02 @ ~76981.69 SL 76864.61 TP 77075.35 (risk $2.34, trend up)
2026-09-11T04:25:54.316325+00:00 WIN +1.89 (lot 0.02): debt $3.27 (peak +0.00), chest $0.00 - bot net -11.07 (8 trades)
2026-09-11T05:39:20.066380+00:00 TOUCH ENTRY: BUY 0.02 @ ~77165.21 SL 77031.19 TP 77272.43 (risk $2.68, trend up)
2026-09-11T06:13:12.237632+00:00 WIN +2.15 (lot 0.02): debt $1.12 (peak +0.00), chest $0.00 - bot net -8.92 (9 trades)
2026-09-11T06:33:03.213209+00:00 CHoCH bearish at 77182.21
2026-09-11T08:09:03.204142+00:00 FLIP: trend now down
2026-09-11T08:09:03.780935+00:00 FLIP-BOS ENTRY: SELL 0.02 @ ~77119.62 SL 77362.18 TP 76925.57 (risk $4.85, trend down)
2026-09-11T08:24:27.349642+00:00 LOSS -5.09 (lot 0.02): debt $3.67 (peak +0.00), chest $0.00 - bot net -14.01 (10 trades)
2026-09-11T08:25:03.649563+00:00 CHoCH bullish at 77391.04
2026-09-11T09:34:07.932505+00:00 TOUCH ENTRY: SELL 0.02 @ ~77083.75 SL 77474.31 TP 76771.30 (risk $7.81, trend down)
2026-09-11T11:07:01.205215+00:00 BOS signal skipped - market asleep (no flip in 2h)
2026-09-11T11:09:41.414116+00:00 WIN +6.38 (lot 0.02): debt $0.00 (peak +0.00), chest $2.71 - bot net -7.63 (11 trades)
2026-09-11T11:35:01.207335+00:00 BOS signal skipped - market asleep (no flip in 2h)
2026-09-11T11:46:01.203755+00:00 CHoCH bullish at 76891.01
2026-09-11T11:58:01.210838+00:00 FLIP: trend now up
2026-09-11T11:58:41.737094+00:00 FLIP-BOS ENTRY: BUY 0.02 @ ~76978.95 SL 76851.81 TP 77080.66 (risk $2.54, trend up)
2026-09-11T12:02:54.579181+00:00 WIN +1.81 (lot 0.02): debt $0.00 (peak +0.00), chest $4.52 - bot net -5.82 (12 trades)
